MySQL Shell 8.0.15

Copyright (c) 2016, 2019, Oracle and/or its affiliates. All rights reserved.
Oracle is a registered trademark of Oracle Corporation and/or its affiliates.
Other names may be trademarks of their respective owners.

Type '\help' or '\?' for help; '\quit' to exit.

 MySQL  JS > \sql
Switching to SQL mode... Commands end with ;

 MySQL  SQL > \connect --mc root@localhost
Creating a Classic session to 'root@localhost'
Fetching schema names for autocompletion... Press ^C to stop.
Your MySQL connection id is 36
Server version: 8.0.14 MySQL Community Server - GPL
No default schema selected; type \use <schema> to set one.

 MySQL  localhost:3306 ssl  SQL > create database ejercicios;
Query OK, 1 row affected (0.3002 sec)

 MySQL  localhost:3306 ssl  SQL > create user "usu_eva1"@"localhost" idenified by "root";
ERROR: 1064 (42000): You have an error in your SQL syntax; check the manual that corresponds to your MySQL server version for the right syntax to use near 'idenified by "root"' at line 1

 MySQL  localhost:3306 ssl  SQL > create user "usu_eva1"@"localhost" identified by "root";
Query OK, 0 rows affected (0.4591 sec)

 MySQL  localhost:3306 ssl  SQL > grant all on ejercicios.* to "usu_eva1"@"localhost"
                               -> ;
Query OK, 0 rows affected (0.1487 sec)

 MySQL  localhost:3306 ssl  SQL > create table alumno (alumno_id int, nom_alumno varchar(50), ape_pat_alumno varchar(50), ape_mat_alumno varchar(50), no_control_alumno int);
ERROR: 1046 (3D000): No database selected

 MySQL  localhost:3306 ssl  SQL > \use ejercicios
Default schema set to `ejercicios`.
Fetching table and column names from `ejercicios` for auto-completion... Press ^C to stop.

 MySQL  localhost:3306 ssl  ejercicios  SQL > create table alumno (alumno_id int, nom_alumno varchar(50), ape_pat_alumno varchar(50), ape_mat_alumno varchar(50), no_control_alumno int);
Query OK, 0 rows affected (5.4090 sec)

 MySQL  localhost:3306 ssl  ejercicios  SQL > show tables;
+----------------------+
| Tables_in_ejercicios |
+----------------------+
| alumno               |
+----------------------+
1 row in set (0.0950 sec)

 MySQL  localhost:3306 ssl  ejercicios  SQL > desc alumno;
+-------------------+-------------+------+-----+---------+-------+
| Field             | Type        | Null | Key | Default | Extra |
+-------------------+-------------+------+-----+---------+-------+
| alumno_id         | int(11)     | YES  |     | NULL    |       |
| nom_alumno        | varchar(50) | YES  |     | NULL    |       |
| ape_pat_alumno    | varchar(50) | YES  |     | NULL    |       |
| ape_mat_alumno    | varchar(50) | YES  |     | NULL    |       |
| no_control_alumno | int(11)     | YES  |     | NULL    |       |
+-------------------+-------------+------+-----+---------+-------+
5 rows in set (0.1316 sec)

 MySQL  localhost:3306 ssl  ejercicios  SQL > create table if exists alumno (alumno_id int, nom_alumno varchar(50), ape_pat_alumno varchar(50), ape_mat_alumno varchar(50), no_control_alumno int);
ERROR: 1064 (42000): You have an error in your SQL syntax; check the manual that corresponds to your MySQL server version for the right syntax to use near 'exists alumno (alumno_id int, nom_alumno varchar(50), ape_pat_alumno varchar(50)' at line 1
                                              create table alumnos if exists (alumno_id int, nom_alumno varchar(50), ape_pat_alumno varchar(50), ape_mat_alumno varchar(50), no_control_alumno int);pe_pat_alumno varchar(50), ape_mat_alu
ERROR: 1064 (42000): You have an error in your SQL syntax; check the manual that corresponds to your MySQL server version for the right syntax to use near 'if exists (alumno_id int, nom_alumno varchar(50), ape_pat_alumno varchar(50), ap' at line 1

 MySQL  localhost:3306 ssl  ejercicios  SQL > create table alumnos if exists (alumno_id int, nom_alumno varchar(50), ape_pat_alumno varchar(50), ape_mat_alumno varchar(50), no_control_alumno int);
ERROR: 1064 (42000): You have an error in your SQL syntax; check the manual that corresponds to your MySQL server version for the right syntax to use near 'if exists (alumno_id int, nom_alumno varchar(50), ape_pat_alumno varchar(50), ap' at line 1

 MySQL  localhost:3306 ssl  ejercicios  SQL > create table alumnos if not exists (alumno_id int, nom_alumno varchar(50), ape_pat_alumno varchar(50), ape_mat_alumno varchar(50), no_control_alumno int);
ERROR: 1064 (42000): You have an error in your SQL syntax; check the manual that corresponds to your MySQL server version for the right syntax to use near 'if not exists (alumno_id int, nom_alumno varchar(50), ape_pat_alumno varchar(50)' at line 1

 MySQL  localhost:3306 ssl  ejercicios  SQL > create table alumnos [if not exists] (alumno_id int, nom_alumno varchar(50), ape_pat_alumno varchar(50), ape_mat_alumno varchar(50), no_control_alumno int);
ERROR: 1064 (42000): You have an error in your SQL syntax; check the manual that corresponds to your MySQL server version for the right syntax to use near '[if not exists] (alumno_id int, nom_alumno varchar(50), ape_pat_alumno varchar(5' at line 1

 MySQL  localhost:3306 ssl  ejercicios  SQL > create table [if not exists] alumno (alumno_id int, nom_alumno varchar(50), ape_pat_alumno varchar(50), ape_mat_alumno varchar(50), no_control_alumno int);
ERROR: 1064 (42000): You have an error in your SQL syntax; check the manual that corresponds to your MySQL server version for the right syntax to use near '[if not exists] alumno (alumno_id int, nom_alumno varchar(50), ape_pat_alumno va' at line 1

 MySQL  localhost:3306 ssl  ejercicios  SQL > create table [IF NOT EXISTS] alumno (alumno_id int, nom_alumno varchar(50), ape_pat_alumno varchar(50), ape_mat_alumno varchar(50), no_control_alumno int);
ERROR: 1064 (42000): You have an error in your SQL syntax; check the manual that corresponds to your MySQL server version for the right syntax to use near '[IF NOT EXISTS] alumno (alumno_id int, nom_alumno varchar(50), ape_pat_alumno va' at line 1

 MySQL  localhost:3306 ssl  ejercicios  SQL > create table IF NOT EXISTS alumno (alumno_id int, nom_alumno varchar(50), ape_pat_alumno varchar(50), ape_mat_alumno varchar(50), no_control_alumno int);
Query OK, 0 rows affected, 1 warning (0.5777 sec)
Note (code 1050): Table 'alumno' already exists

 MySQL  localhost:3306 ssl  ejercicios  SQL > create table dup_alumno like ejercicio.alumno;
ERROR: 1049 (42000): Unknown database 'ejercicio'

 MySQL  localhost:3306 ssl  ejercicios  SQL > create table dup_alumno like ejercicios.alumno;
Query OK, 0 rows affected (1.8106 sec)

 MySQL  localhost:3306 ssl  ejercicios  SQL > alter table alumno add sexo varchar(10);
Query OK, 0 rows affected (1.2275 sec)

Records: 0  Duplicates: 0  Warnings: 0

 MySQL  localhost:3306 ssl  ejercicios  SQL > alter table alumno add nacimiento date;
Query OK, 0 rows affected (0.8211 sec)

Records: 0  Duplicates: 0  Warnings: 0

 MySQL  localhost:3306 ssl  ejercicios  SQL > alter table alumno add semestre int;
Query OK, 0 rows affected (0.7985 sec)

Records: 0  Duplicates: 0  Warnings: 0

 MySQL  localhost:3306 ssl  ejercicios  SQL > alter table alumno add no_materias int;
Query OK, 0 rows affected (0.7585 sec)

Records: 0  Duplicates: 0  Warnings: 0

 MySQL  localhost:3306 ssl  ejercicios  SQL > alter table alumno add carrera varchas(50);
ERROR: 1064 (42000): You have an error in your SQL syntax; check the manual that corresponds to your MySQL server version for the right syntax to use near 'varchas(50)' at line 1

 MySQL  localhost:3306 ssl  ejercicios  SQL > alter table alumno add carrera varchar(50);
Query OK, 0 rows affected (0.5817 sec)

Records: 0  Duplicates: 0  Warnings: 0

 MySQL  localhost:3306 ssl  ejercicios  SQL > desc alumno;
+-------------------+-------------+------+-----+---------+-------+
| Field             | Type        | Null | Key | Default | Extra |
+-------------------+-------------+------+-----+---------+-------+
| alumno_id         | int(11)     | YES  |     | NULL    |       |
| nom_alumno        | varchar(50) | YES  |     | NULL    |       |
| ape_pat_alumno    | varchar(50) | YES  |     | NULL    |       |
| ape_mat_alumno    | varchar(50) | YES  |     | NULL    |       |
| no_control_alumno | int(11)     | YES  |     | NULL    |       |
| sexo              | varchar(10) | YES  |     | NULL    |       |
| nacimiento        | date        | YES  |     | NULL    |       |
| semestre          | int(11)     | YES  |     | NULL    |       |
| no_materias       | int(11)     | YES  |     | NULL    |       |
| carrera           | varchar(50) | YES  |     | NULL    |       |
+-------------------+-------------+------+-----+---------+-------+
10 rows in set (0.0072 sec)

 MySQL  localhost:3306 ssl  ejercicios  SQL > insert into alumno vlues(1, "antonio", "vazquez", "zavala", "16550522", "masculino", "1998-08-12",6,6,"sistemas");
ERROR: 1064 (42000): You have an error in your SQL syntax; check the manual that corresponds to your MySQL server version for the right syntax to use near 'vlues(1, "antonio", "vazquez", "zavala", "16550522", "masculino", "1998-08-12",6' at line 1

 MySQL  localhost:3306 ssl  ejercicios  SQL > insert into alumno values(1, "antonio", "vazquez", "zavala", "16550522", "masculino", "1998-08-12",6,6,"sistemas");
Query OK, 1 row affected (0.1425 sec)

 MySQL  localhost:3306 ssl  ejercicios  SQL > desc alumno;
+-------------------+-------------+------+-----+---------+-------+
| Field             | Type        | Null | Key | Default | Extra |
+-------------------+-------------+------+-----+---------+-------+
| alumno_id         | int(11)     | YES  |     | NULL    |       |
| nom_alumno        | varchar(50) | YES  |     | NULL    |       |
| ape_pat_alumno    | varchar(50) | YES  |     | NULL    |       |
| ape_mat_alumno    | varchar(50) | YES  |     | NULL    |       |
| no_control_alumno | int(11)     | YES  |     | NULL    |       |
| sexo              | varchar(10) | YES  |     | NULL    |       |
| nacimiento        | date        | YES  |     | NULL    |       |
| semestre          | int(11)     | YES  |     | NULL    |       |
| no_materias       | int(11)     | YES  |     | NULL    |       |
| carrera           | varchar(50) | YES  |     | NULL    |       |
+-------------------+-------------+------+-----+---------+-------+
10 rows in set (0.0055 sec)

 MySQL  localhost:3306 ssl  ejercicios  SQL > select * from alumno;
+-----------+------------+----------------+----------------+-------------------+-----------+------------+----------+-------------+----------+
| alumno_id | nom_alumno | ape_pat_alumno | ape_mat_alumno | no_control_alumno | sexo      | nacimiento | semestre | no_materias | carrera  |
+-----------+------------+----------------+----------------+-------------------+-----------+------------+----------+-------------+----------+
|         1 | antonio    | vazquez        | zavala         |          16550522 | masculino | 1998-08-12 |        6 |           6 | sistemas |
+-----------+------------+----------------+----------------+-------------------+-----------+------------+----------+-------------+----------+
1 row in set (0.0024 sec)

 MySQL  localhost:3306 ssl  ejercicios  SQL > create table copia_alumnos as select * from ejercicios.alumno;
Query OK, 1 row affected (1.4327 sec)

Records: 1  Duplicates: 0  Warnings: 0

 MySQL  localhost:3306 ssl  ejercicios  SQL > select * from copia_alumnos;
+-----------+------------+----------------+----------------+-------------------+-----------+------------+----------+-------------+----------+
| alumno_id | nom_alumno | ape_pat_alumno | ape_mat_alumno | no_control_alumno | sexo      | nacimiento | semestre | no_materias | carrera  |
+-----------+------------+----------------+----------------+-------------------+-----------+------------+----------+-------------+----------+
|         1 | antonio    | vazquez        | zavala         |          16550522 | masculino | 1998-08-12 |        6 |           6 | sistemas |
+-----------+------------+----------------+----------------+-------------------+-----------+------------+----------+-------------+----------+
1 row in set (0.0021 sec)

 MySQL  localhost:3306 ssl  ejercicios  SQL > create table carrera (carrera_idnot null, nombre_carrera not null, creditos_carrera not null );
ERROR: 1064 (42000): You have an error in your SQL syntax; check the manual that corresponds to your MySQL server version for the right syntax to use near 'null, nombre_carrera not null, creditos_carrera not null )' at line 1

 MySQL  localhost:3306 ssl  ejercicios  SQL > create table carrera (carrera_id int not null, nombre_carrera varchar(50) not null, creditos_carrera int not null );
Query OK, 0 rows affected (1.3934 sec)

 MySQL  localhost:3306 ssl  ejercicios  SQL > desc carrera;
+------------------+-------------+------+-----+---------+-------+
| Field            | Type        | Null | Key | Default | Extra |
+------------------+-------------+------+-----+---------+-------+
| carrera_id       | int(11)     | NO   |     | NULL    |       |
| nombre_carrera   | varchar(50) | NO   |     | NULL    |       |
| creditos_carrera | int(11)     | NO   |     | NULL    |       |
+------------------+-------------+------+-----+---------+-------+
3 rows in set (0.1315 sec)

 MySQL  localhost:3306 ssl  ejercicios  SQL >create table docentes (docentes_id int, nombre_docente varchar(50), apellido_pat_docente varchar(50), apellido_mat_docente varchar(50), horas_plaza int default 8, departamento_docente varchar(50));
Query OK, 0 rows affected (2.7349 sec)

 MySQL  localhost:3306 ssl  ejercicios  SQL > desc docentes;
+----------------------+-------------+------+-----+---------+-------+
| Field                | Type        | Null | Key | Default | Extra |
+----------------------+-------------+------+-----+---------+-------+
| docentes_id          | int(11)     | YES  |     | NULL    |       |
| nombre_docente       | varchar(50) | YES  |     | NULL    |       |
| apellido_pat_docente | varchar(50) | YES  |     | NULL    |       |
| apellido_mat_docente | varchar(50) | YES  |     | NULL    |       |
| horas_plaza          | int(11)     | YES  |     | 8       |       |
| departamento_docente | varchar(50) | YES  |     | NULL    |       |
+----------------------+-------------+------+-----+---------+-------+
6 rows in set (0.1595 sec)

 MySQL  localhost:3306 ssl  ejercicios  SQL > alter table docentes change departamento_docente departamento_docente enum("sistemas y computacion", "ingenieria industrial", "ciencias de la tierra", "ciencias economico administrativas", "ciencias basicas");
Query OK, 0 rows affected (4.2995 sec)

Records: 0  Duplicates: 0  Warnings: 0

 MySQL  localhost:3306 ssl  ejercicios  SQL > desc docentes;
+----------------------+----------------------------------------------------------------------------------------------------------------------------------------+------+-----+---------+-------+
| Field                | Type                                                                                                                                   | Null | Key | Default | Extra |
+----------------------+----------------------------------------------------------------------------------------------------------------------------------------+------+-----+---------+-------+
| docentes_id          | int(11)                                                                                                                                | YES  |     | NULL    |       |
| nombre_docente       | varchar(50)                                                                                                                            | YES  |     | NULL    |       |
| apellido_pat_docente | varchar(50)                                                                                                                            | YES  |     | NULL    |       |
| apellido_mat_docente | varchar(50)                                                                                                                            | YES  |     | NULL    |       |
| horas_plaza          | int(11)                                                                                                                                | YES  |     | 8       |       |
| departamento_docente | enum('sistemas y computacion','ingenieria industrial','ciencias de la tierra','ciencias economico administrativas','ciencias basicas') | YES  |     | NULL    |       |
+----------------------+----------------------------------------------------------------------------------------------------------------------------------------+------+-----+---------+-------+
6 rows in set (0.0758 sec)

 MySQL  localhost:3306 ssl  ejercicios  SQL > create table institutos(instituto_id int, nombre_instituto varchar(50) unique, estado_instituto varchar(50) );
Query OK, 0 rows affected (1.0971 sec)

 MySQL  localhost:3306 ssl  ejercicios  SQL > desc institutos;
+------------------+-------------+------+-----+---------+-------+
| Field            | Type        | Null | Key | Default | Extra |
+------------------+-------------+------+-----+---------+-------+
| instituto_id     | int(11)     | YES  |     | NULL    |       |
| nombre_instituto | varchar(50) | YES  | UNI | NULL    |       |
| estado_instituto | varchar(50) | YES  |     | NULL    |       |
+------------------+-------------+------+-----+---------+-------+
3 rows in set (0.0484 sec)

 MySQL  localhost:3306 ssl  ejercicios  SQL > alter table alumno change no_control_alumno no_control_alumno int not null unique;
Query OK, 0 rows affected (3.0412 sec)

Records: 0  Duplicates: 0  Warnings: 0

 MySQL  localhost:3306 ssl  ejercicios  SQL > desc alumno;
+-------------------+-------------+------+-----+---------+-------+
| Field             | Type        | Null | Key | Default | Extra |
+-------------------+-------------+------+-----+---------+-------+
| alumno_id         | int(11)     | YES  |     | NULL    |       |
| nom_alumno        | varchar(50) | YES  |     | NULL    |       |
| ape_pat_alumno    | varchar(50) | YES  |     | NULL    |       |
| ape_mat_alumno    | varchar(50) | YES  |     | NULL    |       |
| no_control_alumno | int(11)     | NO   | PRI | NULL    |       |
| sexo              | varchar(10) | YES  |     | NULL    |       |
| nacimiento        | date        | YES  |     | NULL    |       |
| semestre          | int(11)     | YES  |     | NULL    |       |
| no_materias       | int(11)     | YES  |     | NULL    |       |
| carrera           | varchar(50) | YES  |     | NULL    |       |
+-------------------+-------------+------+-----+---------+-------+
10 rows in set (0.0252 sec)
                                              alter table alumno rename  nom_alumno to nombre_alumno, ape_pat_alumno to apellido_pat_alumno, ape_mat_alumno to apellido_mat_alumno;> alter table alumno rename  nom_alumno to nombre_alumno, ape_pat_alumno to apellido_pat_al
ERROR: 1064 (42000): You have an error in your SQL syntax; check the manual that corresponds to your MySQL server version for the right syntax to use near 'to nombre_alumno, ape_pat_alumno to apellido_pat_alumno, ape_mat_alumno to apell' at line 1umno to apellido_pat_al
umno, ape_mat_alumno to apellido_mat_alumno;atalter table alumno rename  nom_alumno to nombre_alumno, ape_pat_alumno to apellido_pat_al
 MySQL  localhost:3306 ssl  ejercicios  SQL > desc alumno;
+-------------------+-------------+------+-----+---------+-------+ename  nom_alumno to nombre_alumno, ape_pat_alumno to apellido_pat_al
| Field             | Type        | Null | Key | Default | Extra |
+-------------------+-------------+------+-----+---------+-------+
| alumno_id         | int(11)     | YES  |     | NULL    |       |
| nom_alumno        | varchar(50) | YES  |     | NULL    |       |
| ape_pat_alumno    | varchar(50) | YES  |     | NULL    |       |
| ape_mat_alumno    | varchar(50) | YES  |     | NULL    |       |
| no_control_alumno | int(11)     | NO   | PRI | NULL    |       |
| sexo              | varchar(10) | YES  |     | NULL    |       |
| nacimiento        | date        | YES  |     | NULL    |       |
| semestre          | int(11)     | YES  |     | NULL    |       |
| no_materias       | int(11)     | YES  |     | NULL    |       |
| carrera           | varchar(50) | YES  |     | NULL    |       |
+-------------------+-------------+------+-----+---------+-------+
10 rows in set (0.0055 sec)

 MySQL  localhost:3306 ssl  ejercicios  SQL > alter table alumno rename  column nom_alumno to nombre_alumno, ape_pat_alumno to apellido_pat_alumno, ape_mat_alumno to apellido_mat_alumno;
ERROR: 1064 (42000): You have an error in your SQL syntax; check the manual that corresponds to your MySQL server version for the right syntax to use near 'ape_pat_alumno to apellido_pat_alumno, ape_mat_alumno to apellido_mat_alumno' at line 1

 MySQL  localhost:3306 ssl  ejercicios  SQL > alter table alumno rename  column nom_alumno to nombre_alumno;
Query OK, 0 rows affected (0.3619 sec)

Records: 0  Duplicates: 0  Warnings: 0

 MySQL  localhost:3306 ssl  ejercicios  SQL > alter table alumno rename  column ape_pat_alumno to apellido_pat_alumno;
Query OK, 0 rows affected (0.2743 sec)

Records: 0  Duplicates: 0  Warnings: 0

 MySQL  localhost:3306 ssl  ejercicios  SQL > alter table alumno rename  column ape_mat_alumno to apellido_mat_alumno;
Query OK, 0 rows affected (0.3342 sec)

Records: 0  Duplicates: 0  Warnings: 0

 MySQL  localhost:3306 ssl  ejercicios  SQL > desc alumno;
+---------------------+-------------+------+-----+---------+-------+
| Field               | Type        | Null | Key | Default | Extra |
+---------------------+-------------+------+-----+---------+-------+
| alumno_id           | int(11)     | YES  |     | NULL    |       |
| nombre_alumno       | varchar(50) | YES  |     | NULL    |       |
| apellido_pat_alumno | varchar(50) | YES  |     | NULL    |       |
| apellido_mat_alumno | varchar(50) | YES  |     | NULL    |       |
| no_control_alumno   | int(11)     | NO   | PRI | NULL    |       |
| sexo                | varchar(10) | YES  |     | NULL    |       |
| nacimiento          | date        | YES  |     | NULL    |       |
| semestre            | int(11)     | YES  |     | NULL    |       |
| no_materias         | int(11)     | YES  |     | NULL    |       |
| carrera             | varchar(50) | YES  |     | NULL    |       |
+---------------------+-------------+------+-----+---------+-------+
10 rows in set (0.0638 sec)

 MySQL  localhost:3306 ssl  ejercicios  SQL > alter table alumno change alumno_id alumno_id int key auto_increment not null;
Query OK, 1 row affected (2.0330 sec)

Records: 1  Duplicates: 0  Warnings: 0

 MySQL  localhost:3306 ssl  ejercicios  SQL > desc alumno;
+---------------------+-------------+------+-----+---------+----------------+
| Field               | Type        | Null | Key | Default | Extra          |
+---------------------+-------------+------+-----+---------+----------------+
| alumno_id           | int(11)     | NO   | PRI | NULL    | auto_increment |
| nombre_alumno       | varchar(50) | YES  |     | NULL    |                |
| apellido_pat_alumno | varchar(50) | YES  |     | NULL    |                |
| apellido_mat_alumno | varchar(50) | YES  |     | NULL    |                |
| no_control_alumno   | int(11)     | NO   | UNI | NULL    |                |
| sexo                | varchar(10) | YES  |     | NULL    |                |
| nacimiento          | date        | YES  |     | NULL    |                |
| semestre            | int(11)     | YES  |     | NULL    |                |
| no_materias         | int(11)     | YES  |     | NULL    |                |
| carrera             | varchar(50) | YES  |     | NULL    |                |
+---------------------+-------------+------+-----+---------+----------------+
10 rows in set (0.1171 sec)

 MySQL  localhost:3306 ssl  ejercicios  SQL > desc instituto;
ERROR: 1146 (42S02): Table 'ejercicios.instituto' doesn't exist

 MySQL  localhost:3306 ssl  ejercicios  SQL > desc institutos;
+------------------+-------------+------+-----+---------+-------+
| Field            | Type        | Null | Key | Default | Extra |
+------------------+-------------+------+-----+---------+-------+
| instituto_id     | int(11)     | YES  |     | NULL    |       |
| nombre_instituto | varchar(50) | YES  | UNI | NULL    |       |
| estado_instituto | varchar(50) | YES  |     | NULL    |       |
+------------------+-------------+------+-----+---------+-------+
3 rows in set (0.0057 sec)

 MySQL  localhost:3306 ssl  ejercicios  SQL > alter table institutos change instituto_id instituto_id int key auto_increment not null;
Query OK, 0 rows affected (4.0956 sec)

Records: 0  Duplicates: 0  Warnings: 0

 MySQL  localhost:3306 ssl  ejercicios  SQL > desc institutos;
+------------------+-------------+------+-----+---------+----------------+
| Field            | Type        | Null | Key | Default | Extra          |
+------------------+-------------+------+-----+---------+----------------+
| instituto_id     | int(11)     | NO   | PRI | NULL    | auto_increment |
| nombre_instituto | varchar(50) | YES  | UNI | NULL    |                |
| estado_instituto | varchar(50) | YES  |     | NULL    |                |
+------------------+-------------+------+-----+---------+----------------+
3 rows in set (0.0036 sec)

 MySQL  localhost:3306 ssl  ejercicios  SQL > desc docentes;
+----------------------+----------------------------------------------------------------------------------------------------------------------------------------+------+-----+---------+-------+
| Field                | Type                                                                                                                                   | Null | Key | Default | Extra |
+----------------------+----------------------------------------------------------------------------------------------------------------------------------------+------+-----+---------+-------+
| docentes_id          | int(11)                                                                                                                                | YES  |     | NULL    |       |
| nombre_docente       | varchar(50)                                                                                                                            | YES  |     | NULL    |       |
| apellido_pat_docente | varchar(50)                                                                                                                            | YES  |     | NULL    |       |
| apellido_mat_docente | varchar(50)                                                                                                                            | YES  |     | NULL    |       |
| horas_plaza          | int(11)                                                                                                                                | YES  |     | 8       |       |
| departamento_docente | enum('sistemas y computacion','ingenieria industrial','ciencias de la tierra','ciencias economico administrativas','ciencias basicas') | YES  |     | NULL    |       |
+----------------------+----------------------------------------------------------------------------------------------------------------------------------------+------+-----+---------+-------+
6 rows in set (0.0067 sec)

 MySQL  localhost:3306 ssl  ejercicios  SQL > alter table docentess change docentes_id docentes_id int key auto_increment not null;
ERROR: 1146 (42S02): Table 'ejercicios.docentess' doesn't exist

 MySQL  localhost:3306 ssl  ejercicios  SQL > alter table docentes change docentes_id docentes_id int key auto_increment not null;
Query OK, 0 rows affected (2.4266 sec)

Records: 0  Duplicates: 0  Warnings: 0

 MySQL  localhost:3306 ssl  ejercicios  SQL > desc docentes;
+----------------------+----------------------------------------------------------------------------------------------------------------------------------------+------+-----+---------+----------------+
| Field                | Type                                                                                                                                   | Null | Key | Default | Extra          |
+----------------------+----------------------------------------------------------------------------------------------------------------------------------------+------+-----+---------+----------------+
| docentes_id          | int(11)                                                                                                                                | NO   | PRI | NULL    | auto_increment |
| nombre_docente       | varchar(50)                                                                                                                            | YES  |     | NULL    |                |
| apellido_pat_docente | varchar(50)                                                                                                                            | YES  |     | NULL    |                |
| apellido_mat_docente | varchar(50)                                                                                                                            | YES  |     | NULL    |                |
| horas_plaza          | int(11)                                                                                                                                | YES  |     | 8       |                |
| departamento_docente | enum('sistemas y computacion','ingenieria industrial','ciencias de la tierra','ciencias economico administrativas','ciencias basicas') | YES  |     | NULL    |                |
+----------------------+----------------------------------------------------------------------------------------------------------------------------------------+------+-----+---------+----------------+
6 rows in set (0.0073 sec)

 MySQL  localhost:3306 ssl  ejercicios  SQL > desc carrera;
+------------------+-------------+------+-----+---------+-------+
| Field            | Type        | Null | Key | Default | Extra |
+------------------+-------------+------+-----+---------+-------+
| carrera_id       | int(11)     | NO   |     | NULL    |       |
| nombre_carrera   | varchar(50) | NO   |     | NULL    |       |
| creditos_carrera | int(11)     | NO   |     | NULL    |       |
+------------------+-------------+------+-----+---------+-------+
3 rows in set (0.0060 sec)

 MySQL  localhost:3306 ssl  ejercicios  SQL > alter table carrera change carrera_id carrera_id int key auto_increment not null;
Query OK, 0 rows affected (2.0598 sec)

Records: 0  Duplicates: 0  Warnings: 0

 MySQL  localhost:3306 ssl  ejercicios  SQL > desc carrera;
+------------------+-------------+------+-----+---------+----------------+
| Field            | Type        | Null | Key | Default | Extra          |
+------------------+-------------+------+-----+---------+----------------+
| carrera_id       | int(11)     | NO   | PRI | NULL    | auto_increment |
| nombre_carrera   | varchar(50) | NO   |     | NULL    |                |
| creditos_carrera | int(11)     | NO   |     | NULL    |                |
+------------------+-------------+------+-----+---------+----------------+
3 rows in set (0.0060 sec)

 MySQL  localhost:3306 ssl  ejercicios  SQL >desc institutos;
+------------------+-------------+------+-----+---------+----------------+
| Field            | Type        | Null | Key | Default | Extra          |
+------------------+-------------+------+-----+---------+----------------+
| instituto_id     | int(11)     | NO   | PRI | NULL    | auto_increment |
| nombre_instituto | varchar(50) | YES  | UNI | NULL    |                |
| estado_instituto | varchar(50) | YES  |     | NULL    |                |
+------------------+-------------+------+-----+---------+----------------+
3 rows in set (0.0051 sec)

 MySQL  localhost:3306 ssl  ejercicios  SQL > desc institutos;
+------------------+-------------+------+-----+---------+----------------+
| Field            | Type        | Null | Key | Default | Extra          |
+------------------+-------------+------+-----+---------+----------------+
| instituto_id     | int(11)     | NO   | PRI | NULL    | auto_increment |
| nombre_instituto | varchar(50) | YES  | UNI | NULL    |                |
| estado_instituto | varchar(50) | YES  |     | NULL    |                |
+------------------+-------------+------+-----+---------+----------------+
3 rows in set (0.0048 sec)

 MySQL  localhost:3306 ssl  ejercicios  SQL > alter table institutos change estado_instituto varchar(50) estado_insituto enum("Chihuahua");
ERROR: 1064 (42000): You have an error in your SQL syntax; check the manual that corresponds to your MySQL server version for the right syntax to use near 'varchar(50) estado_insituto enum("Chihuahua")' at line 1

 MySQL  localhost:3306 ssl  ejercicios  SQL > alter table institutos change estado_instituto estado_insituto enum("Chihuahua");
Query OK, 0 rows affected (2.0089 sec)

Records: 0  Duplicates: 0  Warnings: 0

 MySQL  localhost:3306 ssl  ejercicios  SQL > desc instituto;
ERROR: 1146 (42S02): Table 'ejercicios.instituto' doesn't exist

 MySQL  localhost:3306 ssl  ejercicios  SQL > desc institutos;
+------------------+-------------------+------+-----+---------+----------------+
| Field            | Type              | Null | Key | Default | Extra          |
+------------------+-------------------+------+-----+---------+----------------+
| instituto_id     | int(11)           | NO   | PRI | NULL    | auto_increment |
| nombre_instituto | varchar(50)       | YES  | UNI | NULL    |                |
| estado_insituto  | enum('Chihuahua') | YES  |     | NULL    |                |
+------------------+-------------------+------+-----+---------+----------------+
3 rows in set (0.0067 sec)

 MySQL  localhost:3306 ssl  ejercicios  SQL >alter table institutos change estado_instituto estado_insituto enum("Chihuahua");
Query OK, 0 rows affected (2.0089 sec)

Records: 0  Duplicates: 0  Warnings: 0

 MySQL  localhost:3306 ssl  ejercicios  SQL > desc instituto;
ERROR: 1146 (42S02): Table 'ejercicios.instituto' doesn't exist

 MySQL  localhost:3306 ssl  ejercicios  SQL > desc institutos;
+------------------+-------------------+------+-----+---------+----------------+
| Field            | Type              | Null | Key | Default | Extra          |
+------------------+-------------------+------+-----+---------+----------------+
| instituto_id     | int(11)           | NO   | PRI | NULL    | auto_increment |
| nombre_instituto | varchar(50)       | YES  | UNI | NULL    |                |
| estado_insituto  | enum('Chihuahua') | YES  |     | NULL    |                |
+------------------+-------------------+------+-----+---------+----------------+
3 rows in set (0.0067 sec)

 MySQL  localhost:3306 ssl  ejercicios  SQL > create user "alumno"@"localhost" identified by "root";
Query OK, 0 rows affected (0.4050 sec)

 MySQL  localhost:3306 ssl  ejercicios  SQL > grant update on ejercicios.alumnos;
ERROR: 1064 (42000): You have an error in your SQL syntax; check the manual that corresponds to your MySQL server version for the right syntax to use near '' at line 1

 MySQL  localhost:3306 ssl  ejercicios  SQL > grant update on ejercicios.alumno;
ERROR: 1064 (42000): You have an error in your SQL syntax; check the manual that corresponds to your MySQL server version for the right syntax to use near '' at line 1

 MySQL  localhost:3306 ssl  ejercicios  SQL > desc alumno;
+---------------------+-------------+------+-----+---------+----------------+
| Field               | Type        | Null | Key | Default | Extra          |
+---------------------+-------------+------+-----+---------+----------------+
| alumno_id           | int(11)     | NO   | PRI | NULL    | auto_increment |
| nombre_alumno       | varchar(50) | YES  |     | NULL    |                |
| apellido_pat_alumno | varchar(50) | YES  |     | NULL    |                |
| apellido_mat_alumno | varchar(50) | YES  |     | NULL    |                |
| no_control_alumno   | int(11)     | NO   | UNI | NULL    |                |
| sexo                | varchar(10) | YES  |     | NULL    |                |
| nacimiento          | date        | YES  |     | NULL    |                |
| semestre            | int(11)     | YES  |     | NULL    |                |
| no_materias         | int(11)     | YES  |     | NULL    |                |
| carrera             | varchar(50) | YES  |     | NULL    |                |
+---------------------+-------------+------+-----+---------+----------------+
10 rows in set (0.0079 sec)

 MySQL  localhost:3306 ssl  ejercicios  SQL > grant select(nombre_alumno, apellido_pat_alumno, apellido_mat_alumno) ejercicios.alumno to "alumno""localhost";
ERROR: 1064 (42000): You have an error in your SQL syntax; check the manual that corresponds to your MySQL server version for the right syntax to use near 'ejercicios.alumno to "alumno""localhost"' at line 1

 MySQL  localhost:3306 ssl  ejercicios  SQL > grant select(nombre_alumno, apellido_pat_alumno, apellido_mat_alumno) on ejercicios.alumno to "alumno""localhost";
ERROR: 1410 (42000): You are not allowed to create a user with GRANT

 MySQL  localhost:3306 ssl  ejercicios  SQL > grant select(nombre_alumno, apellido_pat_alumno, apellido_mat_alumno) on ejercicios.alumno to "alumno"@"localhost";
Query OK, 0 rows affected (0.1871 sec)

 MySQL  localhost:3306 ssl  ejercicios  SQL > grant update(nombre_alumno, apellido_pat_alumno, apellido_mat_alumno) on ejercicios.alumno to "alumno"@"localhost";
Query OK, 0 rows affected (0.1581 sec)

 MySQL  localhost:3306 ssl  ejercicios  SQL > create user "escolares"@"localhost" identified by "root";}
Query OK, 0 rows affected (0.1386 sec)

                                           ->
                                           -> ;
ERROR: 1064 (42000): You have an error in your SQL syntax; check the manual that corresponds to your MySQL server version for the right syntax to use near '}' at line 1
 MySQL  localhost:3306 ssl  ejercicios  SQL > grant insert on ejercicios.alumno to "alumno"@"localhost";
Query OK, 0 rows affected (0.1082 sec)

 MySQL  localhost:3306 ssl  ejercicios  SQL > grant update on ejercicios.alumno to "alumno"@"localhost";
Query OK, 0 rows affected (0.1387 sec)

 MySQL  localhost:3306 ssl  ejercicios  SQL > grant delete on ejercicios.alumno to "alumno"@"localhost";
Query OK, 0 rows affected (0.1221 sec)

 MySQL  localhost:3306 ssl  ejercicios  SQL > create user "division_estudios"@"localhost" identified by "root";
Query OK, 0 rows affected (0.2018 sec)

 MySQL  localhost:3306 ssl  ejercicios  SQL > grant insert on ejercicios.carreras to "division_estudios"@"localhost";
ERROR: 1146 (42S02): Table 'ejercicios.carreras' doesn't exist

 MySQL  localhost:3306 ssl  ejercicios  SQL > grant insert on ejercicios.carrera to "division_estudios"@"localhost";
Query OK, 0 rows affected (0.1197 sec)

 MySQL  localhost:3306 ssl  ejercicios  SQL > grant select on ejercicios.carrera to "division_estudios"@"localhost";
Query OK, 0 rows affected (0.1315 sec)

 MySQL  localhost:3306 ssl  ejercicios  SQL > grant update on ejercicios.carrera to "division_estudios"@"localhost";
Query OK, 0 rows affected (0.1361 sec)

 MySQL  localhost:3306 ssl  ejercicios  SQL > grant update(nombre_alumno, apellido_pat_alumno, apellido_mat_alumno) on ejercigrant select(nombre_alumno, apellido_pat_alumno, apellido_mat_alumno) on ejercigrant select(nombre_alumno, apellido_pat_alumno, apellido_mat_alumno) on ejercigrant select(nombre_alumno, apellido_pat_alumno, apellido_mat_alumno) on ejercigrant select(nombre_alumno, apellido_pat_alumno, apellido_mat_alumno) on ejercigrant select(nombre_alumno, apellido_pat_alumno, apellido_mat_alumno) on ejercigrant select(nombre_alumno, apellido_pat_alumno, apellido_mat_alumno) on ejercigrant select(nombre_alumno, apellido_pat_alumno, apellido_mat_alumno) on ejercigrant select(nombre_alumno, apellido_pat_alumno, apellido_mat_alumno) on ejercigrant select(nombre_alumno, apellido_pat_alumno, apellido_mat_alumno) on ejercigrant select(nombre_alumno, apellido_pat_alumno, apellido_mat_alumno) on ejercigrant select(nombre_alumno, apellido_pat_alumno, apellido_mat_alumno) on ejercigrant select(nombre_alumno, apellido_pat_alumno, apellido_mat_alumno) on ejercigrant select(nombre_alumno, apellido_pat_alumno, apellido_mat_alumno) on ejercigrant select(nombre_alumno, apellido_pat_alumno, apellido_mat_alumno) on ejercigrant select(nombre_alumno, apellido_pat_alumno, apellido_mat_alumno) on ejercicios.alumno to "alumno"@"localhost";hjtjrtyj
Query OK, 0 rows affected (0.3104 sec)

                                           -> desc instituto;
ERROR: 1064 (42000): You have an error in your SQL syntax; check the manual that corresponds to your MySQL server version for the right syntax to use near 'hjtjrtyj
desc instituto' at line 1

 MySQL  localhost:3306 ssl  ejercicios  SQL > desc institutos;
+------------------+-------------------+------+-----+---------+----------------+
| Field            | Type              | Null | Key | Default | Extra          |
+------------------+-------------------+------+-----+---------+----------------+
| instituto_id     | int(11)           | NO   | PRI | NULL    | auto_increment |
| nombre_instituto | varchar(50)       | YES  | UNI | NULL    |                |
| estado_insituto  | enum('Chihuahua') | YES  |     | NULL    |                |
+------------------+-------------------+------+-----+---------+----------------+
3 rows in set (0.0066 sec)

 MySQL  localhost:3306 ssl  ejercicios  SQL > create user "director"@"localhost" identified by "root";
Query OK, 0 rows affected (0.1332 sec)

 MySQL  localhost:3306 ssl  ejercicios  SQL > grant select on ejercicios.insitutos to "director"@"localhost";
ERROR: 1146 (42S02): Table 'ejercicios.insitutos' doesn't exist

 MySQL  localhost:3306 ssl  ejercicios  SQL > desc table;
ERROR: 1064 (42000): You have an error in your SQL syntax; check the manual that corresponds to your MySQL server version for the right syntax to use near 'table' at line 1

 MySQL  localhost:3306 ssl  ejercicios  SQL > desc instituto;
ERROR: 1146 (42S02): Table 'ejercicios.instituto' doesn't exist

 MySQL  localhost:3306 ssl  ejercicios  SQL > desc institutos;
+------------------+-------------------+------+-----+---------+----------------+
| Field            | Type              | Null | Key | Default | Extra          |
+------------------+-------------------+------+-----+---------+----------------+
| instituto_id     | int(11)           | NO   | PRI | NULL    | auto_increment |
| nombre_instituto | varchar(50)       | YES  | UNI | NULL    |                |
| estado_insituto  | enum('Chihuahua') | YES  |     | NULL    |                |
+------------------+-------------------+------+-----+---------+----------------+
3 rows in set (0.0064 sec)


 MySQL  localhost:3306 ssl  ejercicios  SQL > create user "recursos_humanos"@"localhost" identified by "root";
Query OK, 0 rows affected (0.1334 sec)

 MySQL  localhost:3306 ssl  ejercicios  SQL > grant insert on ejercicios.docentes to "recursos_humanos"@"localhost";
Query OK, 0 rows affected (0.0916 sec)

 MySQL  localhost:3306 ssl  ejercicios  SQL > grant select on ejercicios.docentes to "recursos_humanos"@"localhost";
Query OK, 0 rows affected (0.1837 sec)

 MySQL  localhost:3306 ssl  ejercicios  SQL > grant update on ejercicios.docentes to "recursos_humanos"@"localhost";
Query OK, 0 rows affected (0.1812 sec)

 MySQL  localhost:3306 ssl  ejercicios  SQL >